// Jest Snapshot v1, https://goo.gl/fbAQLP

exports[`EditLunchPage should pass render function to edit form 1`] = `
<Card
  classes={
    Object {
      "root": "MuiCard-root-1",
    }
  }
  raised={false}
>
  <HelmetWrapper
    defer={true}
    encodeSpecialCharacters={true}
  >
    <title>
      Éditer un déjeuner | 
      MyLV
    </title>
  </HelmetWrapper>
  <WithStyles(CardContent)>
    <WithStyles(Typography)
      component="h2"
      gutterBottom={true}
      variant="h5"
    >
      Modification de : 
      hello
    </WithStyles(Typography)>
    <div>
      Foo
    </div>
  </WithStyles(CardContent)>
  <WithStyles(CardActions)>
    <WithStyles(Button)
      color="primary"
      disabled={true}
      size="small"
      type="submit"
    >
      Enregistrer
    </WithStyles(Button)>
  </WithStyles(CardActions)>
</Card>
`;

exports[`EditLunchPage should render edit form if not loading 1`] = `
<WithStyles(ReduxForm)
  initialValues={
    Object {
      "date": "2012-01-01",
      "label": "hello",
    }
  }
  onFormSubmit={[MockFunction]}
  render={[Function]}
/>
`;

exports[`EditLunchPage should render loading screen if loading 1`] = `<WithStyles(LoadingPage) />`;
