// Jest Snapshot v1, https://goo.gl/fbAQLP

exports[`NewLunchPage should pass render function to edit form 1`] = `
<Card
  classes={
    Object {
      "root": "MuiCard-root-1",
    }
  }
  raised={false}
>
  <HelmetWrapper
    defer={true}
    encodeSpecialCharacters={true}
  >
    <title>
      Nouveau déjeuner | 
      MyLV
    </title>
  </HelmetWrapper>
  <WithStyles(CardContent)>
    <WithStyles(Typography)
      component="h2"
      gutterBottom={true}
      variant="h5"
    >
      Nouveau déjeuner
    </WithStyles(Typography)>
    <div>
      Foo
    </div>
  </WithStyles(CardContent)>
  <WithStyles(CardActions)>
    <WithStyles(Button)
      color="primary"
      disabled={true}
      size="small"
      type="submit"
    >
      Créer
    </WithStyles(Button)>
  </WithStyles(CardActions)>
</Card>
`;

exports[`NewLunchPage should render new lunch form 1`] = `
<WithStyles(ReduxForm)
  initialValues={
    Object {
      "attendees": Array [],
      "date": "2012-01-01",
    }
  }
  onFormSubmit={[MockFunction]}
  render={[Function]}
/>
`;
