// Jest Snapshot v1, https://goo.gl/fbAQLP

exports[`HolidayRequestPage should render properly 1`] = `
<Card
  classes={
    Object {
      "root": "MuiCard-root-1",
    }
  }
  raised={false}
>
  <HelmetWrapper
    defer={true}
    encodeSpecialCharacters={true}
  >
    <title>
      Nouvelle demande de congés | 
      FooApp
    </title>
  </HelmetWrapper>
  <WithStyles(CardContent)>
    <WithStyles(Typography)
      component="h2"
      gutterBottom={true}
      variant="headline"
    >
      Nouvelle demande de congé
    </WithStyles(Typography)>
    <div>
      Foo
    </div>
  </WithStyles(CardContent)>
  <WithStyles(CardActions)>
    <WithStyles(Button)
      color="primary"
      disabled={true}
      size="small"
      type="submit"
    >
      Envoyer
    </WithStyles(Button)>
  </WithStyles(CardActions)>
</Card>
`;
