// Jest Snapshot v1, https://goo.gl/fbAQLP

exports[`LunchForm should render properly 1`] = `
<form
  onSubmit={[MockFunction]}
>
  <React.Fragment>
    <WithStyles(GridWrapper)
      container={true}
    >
      <WithStyles(GridWrapper)
        item={true}
        md={6}
        xs={12}
      >
        <Field
          component={[MockFunction]}
          fullWidth={true}
          label="IntitulÃ©"
          name="label"
          type="text"
        />
      </WithStyles(GridWrapper)>
      <WithStyles(GridWrapper)
        item={true}
        md={6}
        xs={12}
      >
        <Field
          component={[MockFunction]}
          fullWidth={true}
          label="Date"
          name="date"
          type="text"
        />
      </WithStyles(GridWrapper)>
      <WithStyles(GridWrapper)
        item={true}
        xs={12}
      >
        <FieldArray
          component={[MockFunction]}
          name="attendees"
        />
      </WithStyles(GridWrapper)>
    </WithStyles(GridWrapper)>
  </React.Fragment>
</form>
`;
